// Jest Snapshot v1, https://goo.gl/fbAQLP

exports[`Tests in <CounterApp /> should be match with the snapshot 1`] = `
<div>
  <h1>
    CounterApp
  </h1>
  <button>
     -1 
  </button>
  <span>
     
    100
     
  </span>
  <button>
     +1 
  </button>
  <button
    aria-label="btn-reset"
  >
     Reset 
  </button>
</div>
`;
