// Jest Snapshot v1, https://goo.gl/fbAQLP

exports[`Tests in <FirstApp /> should be match with the snapshot 1`] = `
<div>
  <p>
    Alejandro Dubon
  </p>
  <p>
    Soy un parrafo
  </p>
  <h1
    data-testid="test-title"
  >
    I'm Goku
  </h1>
  <h4
    data-testid="test-subtitle"
  >
    24
  </h4>
  <p>
    24
  </p>
</div>
`;
